AREA .  .ABS.
	RADIX HEX
	BASE 0000
	SIZE 0000
	ATTRIB ABS OVR
	GLOBALS
		s__HEADERf	0000
		l__CABS	0000
		l__DABS	0000
		l__HEAP	0000
		s__CABS	0000
		s__HEADER0	0000
		s__DABS	0000
		s__HEADER1	0000
		l_.  .ABS.	0000
		s__HEADER2	0000
		s__HEADER3	0000
		s__SFR1a	0000
		l__GSFINAL	0000
		s__HEADER4	0000
		s__SFR2a	0000
		s__SFR1b	0000
		s__HEADER5	0000
		s__SFR2b	0000
		s__SFR1c	0000
		s__HEADER6	0000
		s__SFR2c	0000
		s__SFR1d	0000
		s__HEADER7	0000
		s__SFR2d	0000
		s__SFR1e	0000
		l__HRAM	0000
		s__HEADER8	0000
		s_.  .ABS.	0000
		s__SFR2e	0000
		s__SFR1f	0000
		s__HEADER9	0000
		l__HEADER	0000
		s__SFR2f	0000
		s__DRAW_HEADER0	0000
		s__CALLHL_HEADER0	0000
		s__HRAM	0000
		s__HEADER	0000
		s__SFR10	0000
		s__SFRa	0000
		s__SFR20	0000
		s__SFR11	0000
		s__SFRb	0000
		s__SFR30	0000
		s__SFR21	0000
		s__SFR12	0000
		s__SFRc	0000
		l__DRAW_HEADER	0000
		s__FONT_HEADER0	0000
		s__SFR31	0000
		s__SFR22	0000
		s__SFR13	0000
		s__SFRd	0000
		s__SFR32	0000
		s__SFR23	0000
		s__SFR14	0000
		s__SFRe	0000
		l__CALLHL_HEADER	0000
		s__SFR33	0000
		s__SFR24	0000
		s__SFR15	0000
		s__SFRf	0000
		.init	0000
		s__SFR34	0000
		s__SFR25	0000
		s__SFR16	0000
		s__SFR35	0000
		s__SFR26	0000
		s__SFR17	0000
		s__SFR36	0000
		s__SFR27	0000
		s__SFR18	0000
		s__SFR28	0000
		s__SFR19	0000
		s__DRAW_HEADER	0000
		s__SFR29	0000
		s__CALLHL_HEADER	0000
		l__FONT_HEADER	0000
		s__SFR0	0000
		s__SFR1	0000
		s__SFR2	0000
		s__SFR3	0000
		s__FONT_HEADER	0000
		s__SFR4	0000
		s__SFR5	0000
		s__SFR6	0000
		s__SFR7	0000
		l__LIT	0000
		s__SFR8	0000
		s__SFR9	0000
		l__SFR	0000
		s__HEADER10	0000
		s__HEADERa	0000
		s__SFR	0000
		s__HEADER11	0000
		s__HEADERb	0000
		s__HRAM13	0000
		s__HEADER12	0000
		s__HEADERc	0000
		s__HEADERd	0000
		s__HEADERe	0000
		l__HEADER0	0001
		l__SFR1a	0001
		l__SFR2a	0001
		l__SFR1b	0001
		l__SFR2b	0001
		l__SFR1c	0001
		l__SFR2c	0001
		l__SFR1d	0001
		l__SFR2d	0001
		l__SFR1e	0001
		l__SFR2e	0001
		l__SFR1f	0001
		l__SFR2f	0001
		l__CALLHL_HEADER0	0001
		l__SFR10	0001
		l__SFRa	0001
		l__SFR20	0001
		l__SFR11	0001
		l__SFRb	0001
		l__SFR30	0001
		l__SFR21	0001
		l__SFR12	0001
		l__SFRc	0001
		l__SFR31	0001
		l__SFR22	0001
		l__SFR13	0001
		l__SFRd	0001
		l__SFR32	0001
		l__SFR23	0001
		l__SFR14	0001
		l__SFRe	0001
		l__SFR33	0001
		l__SFR24	0001
		l__SFR15	0001
		l__SFRf	0001
		l__SFR34	0001
		l__SFR25	0001
		l__SFR16	0001
		l__SFR35	0001
		l__SFR26	0001
		l__SFR17	0001
		l__SFR36	0001
		l__SFR27	0001
		l__SFR18	0001
		l__SFR28	0001
		l__SFR19	0001
		l__SFR29	0001
		l__GSINITTAIL	0001
		l__SFR0	0001
		l__SFR1	0001
		l__SFR2	0001
		l__SFR3	0001
		l__SFR4	0001
		l__SFR5	0001
		l__SFR6	0001
		l__SFR7	0001
		l__SFR8	0001
		l__SFR9	0001
		l__HEADERa	0001
		l__HEADERb	0001
		l__HRAM13	0001
		l__HEADER12	0001
		l__HEADERc	0001
		l__HEADERe	0001
		l__HEADERf	0001
		l__HEADER10	0002
		l__HEADERd	0002
		l__HEADER9	0003
		l__DRAW_HEADER0	0003
		l__FONT_HEADER0	0003
		l__HEADER8	0006
		l__HEADER2	0008
		l__HEADER3	0008
		l__HEADER4	0008
		l__HEADER5	0008
		l__HEADER1	0010
		l__HEADER6	0025
		l__HEADER7	0034
		l__BSS	0083
		l__HEADER11	0083
		l__DATA	017A
		s__CODE	0200
		l__HOME	0430
		l__GSINIT	05C6
		l__BASE	11BE
		l__CODE	5DBD
		s__HOME	5FBD
		s__BASE	63ED
		s__LIT	75AB
		s__GSINIT	75AB
		s__GSINITTAIL	7B71
		s__GSFINAL	7B72
		.OAM	C000
		s__DATA	C0A0
		s__BSS	C21A
		s__HEAP	C29D
		.STACK	E000
		.refresh_OAM	FF80
AREA _CODE
	RADIX HEX
	BASE 0200
	SIZE 5DBD
	ATTRIB REL CON
	GLOBALS
		_performantDelay	0200
		_backgroundMap1	0210
		_backgroundMap2	060C
		_backgroundMap3	0A08
		_BlankMap	0E04
		_moveGameCharacter	0F6C
		_hideGameCharacter	0FAE
		_checkCollisionsObject	0FE5
		_checkCollisionsCharacter	116D
		_soundInit	12F5
		_JumpingSound	1302
		_WinSound	1317
		_wouldHitSurface	1340
		_canStandOnTopOf	1418
		_blank	141C
		_jump	141D
		_gravity	159F
		_HSpeed	15A0
		_VSpeed	15A1
		_playerX	15A2
		_maxDownSpeed	15A3
		_maxLives	15A4
		_noLives	15A5
		_setupPlayerSprite	15A6
		_hideEnemies	163D
		_DrawEnemiesWhoAreVisable	167D
		_ScrollEnemies	172E
		_EnemyPatrol	1795
		_Map1SetupEnemies	19AA
		_Map2SetupEnemies	1ACD
		_Map3SetupEnemies	1BF0
		_hideCards	1D13
		_cards_target	1D5E
		_noCards	1D5F
		_DrawCardsThatAreVisable	1D60
		_ScrollCards	1E49
		_Map1SetupCards	1EB7
		_Map2SetupCards	1F43
		_Map3SetupCards	1FCF
		_startScreen	205B
		_startscreen_data	2097
		_startscreen_map	2937
		_GameOverScreen	2A9F
		_GameOver_data	2ADE
		_GameOver_map	3A7E
		_WinScreen	3BE6
		_YouWin_data	3C25
		_YouWin_map	4BE5
		_plainSplashScreen	4D4D
		_resetGameLogic	4D8E
		_BackStory	4DB3
		_Level1ClearMessage	4EB0
		_Level2ClearMessage	4EE9
		_drawBackground1	4F22
		_DrawLevel1	4F64
		_drawBackground2	5012
		_DrawLevel2	5054
		_drawBackground3	5102
		_DrawLevel3	5144
		_scroll	51F2
		_loseLife	5200
		_checkCollisionsWithCards	5269
		_checkCollisionsWithEnemies	52FB
		_gameLoop	534F
		_main	5695
		_putchar	5711
		_setchar	571A
		_gotoxy	5723
		_posx	572E
		_posy	573F
		.adv_gcurs	5750
		.circle	576D
		.horlin	5810
		.verlin	5848
		.circplot	58A4
		.box	5922
		.line	59F8
		.xonly	5B19
		.yonly	5C68
		.plot	5C89
		.wrbyte	5CA6
		.getpix	5D28
		.wrtchr	5D5D
		_gotogxy	5DC1
		_wrtchr	5DCC
		_getpix	5DE1
		_color	5DED
		_circle	5DFC
		_box	5E16
		_line	5E3A
		_plot_point	5E52
		_plot	5E66
		__divsuchar	5E82
		__modsuchar	5E91
		__divuschar	5E9D
		__moduschar	5EAF
		__divschar	5EBF
		__modschar	5ECD
		__divsint	5ED9
		__modsint	5EEC
		__divuchar	5EFD
		__moduchar	5F0B
		__divuint	5F17
		__moduint	5F2A
		.mod8	5F3B
		.div8	5F3B
		.mod16	5F43
		.div16	5F43
		.modu8	5F79
		.divu8	5F79
		.modu16	5F7C
		.divu16	5F7C
AREA _HEADER0
	RADIX HEX
	BASE 0000
	SIZE 0001
	ATTRIB ABS CON
AREA _HEADER1
	RADIX HEX
	BASE 0000
	SIZE 0010
	ATTRIB ABS CON
AREA _HEADER2
	RADIX HEX
	BASE 0000
	SIZE 0008
	ATTRIB ABS CON
AREA _HEADER3
	RADIX HEX
	BASE 0000
	SIZE 0008
	ATTRIB ABS CON
AREA _HEADER4
	RADIX HEX
	BASE 0000
	SIZE 0008
	ATTRIB ABS CON
AREA _HEADER5
	RADIX HEX
	BASE 0000
	SIZE 0008
	ATTRIB ABS CON
AREA _HEADER6
	RADIX HEX
	BASE 0000
	SIZE 0025
	ATTRIB ABS CON
AREA _HEADER7
	RADIX HEX
	BASE 0000
	SIZE 0034
	ATTRIB ABS CON
AREA _HEADER8
	RADIX HEX
	BASE 0000
	SIZE 0006
	ATTRIB ABS CON
AREA _HEADER9
	RADIX HEX
	BASE 0000
	SIZE 0003
	ATTRIB ABS CON
AREA _HEADERa
	RADIX HEX
	BASE 0000
	SIZE 0001
	ATTRIB ABS CON
AREA _HEADERb
	RADIX HEX
	BASE 0000
	SIZE 0001
	ATTRIB ABS CON
AREA _HEADERc
	RADIX HEX
	BASE 0000
	SIZE 0001
	ATTRIB ABS CON
AREA _HEADERd
	RADIX HEX
	BASE 0000
	SIZE 0002
	ATTRIB ABS CON
AREA _HEADERe
	RADIX HEX
	BASE 0000
	SIZE 0001
	ATTRIB ABS CON
AREA _HEADERf
	RADIX HEX
	BASE 0000
	SIZE 0001
	ATTRIB ABS CON
AREA _HEADER10
	RADIX HEX
	BASE 0000
	SIZE 0002
	ATTRIB ABS CON
AREA _HEADER11
	RADIX HEX
	BASE 0000
	SIZE 0083
	ATTRIB ABS CON
	GLOBALS
		_exit	01D0
AREA _HEADER12
	RADIX HEX
	BASE 0000
	SIZE 0001
	ATTRIB ABS CON
AREA _HOME
	RADIX HEX
	BASE 5FBD
	SIZE 0430
	ATTRIB REL CON
	GLOBALS
		.set_mode	5FBD
		.remove_VBL	5FCD
		.remove_LCD	5FD3
		.remove_TIM	5FD9
		.remove_SIO	5FDF
		.remove_JOY	5FE5
		.add_VBL	5FEB
		.add_LCD	5FF1
		.add_TIM	5FF7
		.add_SIO	5FFD
		.add_JOY	6003
		.remove_int	6009
		.add_int	6028
		.wait_vbl_done	6044
		_wait_vbl_done	6044
		_display_off	605B
		.display_off	605B
		.serial_IO	607C
		_mode	60AB
		_get_mode	60B4
		_enable_interrupts	60B9
		_disable_interrupts	60BB
		_reset	60BD
		.reset	60BD
		_set_interrupts	60C3
		_remove_VBL	60CE
		_remove_LCD	60D9
		_remove_TIM	60E4
		_remove_SIO	60EF
		_remove_JOY	60FA
		_add_VBL	6105
		_add_LCD	6110
		_add_TIM	611B
		_add_SIO	6126
		_add_JOY	6131
		_clock	613C
		__printTStates	6145
		banked_call	6146
		banked_ret	615D
		_printf	6165
		_sprintf	6180
AREA _BASE
	RADIX HEX
	BASE 63ED
	SIZE 11BE
	ATTRIB REL CON
	GLOBALS
		font_copy_uncompressed	63ED
		font_copy_compressed	6423
		font_load	6478
		font_copy_current	64C0
		font_set	6508
		.put_char	6515
		.out_char	652E
		.del_char	6535
		_font_load	6590
		_font_set	659E
		_font_init	65AD
		_cls	65CF
		.cls	65CF
		.cr_curs	6601
		.adv_curs	6616
		.tmode	6672
		.tmode_out	669B
		.set_sprite_prop	66AB
		_set_sprite_prop	66B8
		_scroll_bkg	66C3
		_move_win	66D9
		.padup	66E2
		_waitpadup	66E2
		.jpad	66F2
		.wait_pad	671F
		_joypad	6726
		_waitpad	672B
		.mv_sprite	6735
		_move_sprite	6744
		_set_win_tiles	6751
		_set_win_data	6765
		_set_bkg_data	6765
		_set_sprite_data	676D
		_font_load_ibm_fixed	67E3
		_font_ibm_fixed	67EA
		_font_ibm_fixed_tiles	68EC
		.gmode	70EC
		.vbl	714E
		.lcd	7159
		.draw_image	7166
		.switch_data	7170
		_switch_data	71AA
		_draw_image	71C5
		.y_table	71D8
		_move_bkg	72F8
		.set_sprite_tile	7301
		_set_sprite_tile	730E
		.get_sprite_prop	7319
		_get_sprite_prop	7326
		.init_vram	732F
		.init_wtt	733D
		.init_btt	734D
		.init_tt	735B
		_font_min	7361
		.copy_vram	750B
		_get_data	751A
		_set_data	751A
		_set_bkg_tiles	752D
		.set_xy_wtt	7541
		.set_xy_btt	7552
		.set_xy_tt	7561
		_set_tiles	7592
AREA _LIT
	RADIX HEX
	BASE 75AB
	SIZE 0000
	ATTRIB REL CON
AREA _GSINIT
	RADIX HEX
	BASE 75AB
	SIZE 05C6
	ATTRIB REL CON
	GLOBALS
		gsinit	75AB
AREA _GSINITTAIL
	RADIX HEX
	BASE 7B71
	SIZE 0001
	ATTRIB REL CON
AREA _GSFINAL
	RADIX HEX
	BASE 7B72
	SIZE 0000
	ATTRIB REL CON
AREA _DATA
	RADIX HEX
	BASE C0A0
	SIZE 017A
	ATTRIB REL CON
	GLOBALS
		_Sprites	C0A0
		_Objects	C100
		_TileSet	C120
		_windowMap	C1B0
		_player	C1BE
		_lives	C1C7
		_lifetimer	C1C8
		_Enemies	C1C9
		_cards_collected	C1F9
		_cards	C1FA
		_gamerunning	C212
		_level1Win	C213
		_level2Win	C214
		_level3Win	C215
		_columnOffset	C216
		_ScrollXFlag	C217
		_counter	C218
AREA _BSS
	RADIX HEX
	BASE C21A
	SIZE 0083
	ATTRIB REL CON
	GLOBALS
		__cpu	C21A
		.mode	C21B
		__io_out	C21C
		__io_in	C21D
		__io_status	C21E
		.vbl_done	C21F
		_sys_time	C220
		.sys_time	C220
		.int_0x40	C222
		.int_0x48	C232
		.int_0x50	C242
		.int_0x58	C252
		.int_0x60	C262
		font_current	C272
		font_first_free_tile	C275
		font_table	C276
		.curx	C288
		.cury	C289
		.fg_colour	C28A
		.bg_colour	C28B
AREA _HEAP
	RADIX HEX
	BASE C29D
	SIZE 0000
	ATTRIB REL CON
	GLOBALS
		_malloc_heap_start	C29D
AREA _HRAM13
	RADIX HEX
	BASE 0000
	SIZE 0001
	ATTRIB ABS CON
	GLOBALS
		__current_bank	FF90
AREA _SFR0
	RADIX HEX
	BASE 0000
	SIZE 0001
	ATTRIB ABS CON
	GLOBALS
		_P1_REG	FF00
AREA _SFR1
	RADIX HEX
	BASE 0000
	SIZE 0001
	ATTRIB ABS CON
	GLOBALS
		_SB_REG	FF01
AREA _SFR2
	RADIX HEX
	BASE 0000
	SIZE 0001
	ATTRIB ABS CON
	GLOBALS
		_SC_REG	FF02
AREA _SFR3
	RADIX HEX
	BASE 0000
	SIZE 0001
	ATTRIB ABS CON
	GLOBALS
		_DIV_REG	FF04
AREA _SFR4
	RADIX HEX
	BASE 0000
	SIZE 0001
	ATTRIB ABS CON
	GLOBALS
		_TIMA_REG	FF05
AREA _SFR5
	RADIX HEX
	BASE 0000
	SIZE 0001
	ATTRIB ABS CON
	GLOBALS
		_TMA_REG	FF06
AREA _SFR6
	RADIX HEX
	BASE 0000
	SIZE 0001
	ATTRIB ABS CON
	GLOBALS
		_TAC_REG	FF07
AREA _SFR7
	RADIX HEX
	BASE 0000
	SIZE 0001
	ATTRIB ABS CON
	GLOBALS
		_IF_REG	FF0F
AREA _SFR8
	RADIX HEX
	BASE 0000
	SIZE 0001
	ATTRIB ABS CON
	GLOBALS
		_NR10_REG	FF10
AREA _SFR9
	RADIX HEX
	BASE 0000
	SIZE 0001
	ATTRIB ABS CON
	GLOBALS
		_NR11_REG	FF11
AREA _SFRa
	RADIX HEX
	BASE 0000
	SIZE 0001
	ATTRIB ABS CON
	GLOBALS
		_NR12_REG	FF12
AREA _SFRb
	RADIX HEX
	BASE 0000
	SIZE 0001
	ATTRIB ABS CON
	GLOBALS
		_NR13_REG	FF13
AREA _SFRc
	RADIX HEX
	BASE 0000
	SIZE 0001
	ATTRIB ABS CON
	GLOBALS
		_NR14_REG	FF14
AREA _SFRd
	RADIX HEX
	BASE 0000
	SIZE 0001
	ATTRIB ABS CON
	GLOBALS
		_NR21_REG	FF16
AREA _SFRe
	RADIX HEX
	BASE 0000
	SIZE 0001
	ATTRIB ABS CON
	GLOBALS
		_NR22_REG	FF17
AREA _SFRf
	RADIX HEX
	BASE 0000
	SIZE 0001
	ATTRIB ABS CON
	GLOBALS
		_NR23_REG	FF18
AREA _SFR10
	RADIX HEX
	BASE 0000
	SIZE 0001
	ATTRIB ABS CON
	GLOBALS
		_NR24_REG	FF19
AREA _SFR11
	RADIX HEX
	BASE 0000
	SIZE 0001
	ATTRIB ABS CON
	GLOBALS
		_NR30_REG	FF1A
AREA _SFR12
	RADIX HEX
	BASE 0000
	SIZE 0001
	ATTRIB ABS CON
	GLOBALS
		_NR31_REG	FF1B
AREA _SFR13
	RADIX HEX
	BASE 0000
	SIZE 0001
	ATTRIB ABS CON
	GLOBALS
		_NR32_REG	FF1C
AREA _SFR14
	RADIX HEX
	BASE 0000
	SIZE 0001
	ATTRIB ABS CON
	GLOBALS
		_NR33_REG	FF1D
AREA _SFR15
	RADIX HEX
	BASE 0000
	SIZE 0001
	ATTRIB ABS CON
	GLOBALS
		_NR34_REG	FF1E
AREA _SFR16
	RADIX HEX
	BASE 0000
	SIZE 0001
	ATTRIB ABS CON
	GLOBALS
		_NR41_REG	FF20
AREA _SFR17
	RADIX HEX
	BASE 0000
	SIZE 0001
	ATTRIB ABS CON
	GLOBALS
		_NR42_REG	FF21
AREA _SFR18
	RADIX HEX
	BASE 0000
	SIZE 0001
	ATTRIB ABS CON
	GLOBALS
		_NR43_REG	FF22
AREA _SFR19
	RADIX HEX
	BASE 0000
	SIZE 0001
	ATTRIB ABS CON
	GLOBALS
		_NR44_REG	FF23
AREA _SFR1a
	RADIX HEX
	BASE 0000
	SIZE 0001
	ATTRIB ABS CON
	GLOBALS
		_NR50_REG	FF24
AREA _SFR1b
	RADIX HEX
	BASE 0000
	SIZE 0001
	ATTRIB ABS CON
	GLOBALS
		_NR51_REG	FF25
AREA _SFR1c
	RADIX HEX
	BASE 0000
	SIZE 0001
	ATTRIB ABS CON
	GLOBALS
		_NR52_REG	FF26
AREA _SFR1d
	RADIX HEX
	BASE 0000
	SIZE 0001
	ATTRIB ABS CON
	GLOBALS
		_LCDC_REG	FF40
AREA _SFR1e
	RADIX HEX
	BASE 0000
	SIZE 0001
	ATTRIB ABS CON
	GLOBALS
		_STAT_REG	FF41
AREA _SFR1f
	RADIX HEX
	BASE 0000
	SIZE 0001
	ATTRIB ABS CON
	GLOBALS
		_SCY_REG	FF42
AREA _SFR20
	RADIX HEX
	BASE 0000
	SIZE 0001
	ATTRIB ABS CON
	GLOBALS
		_SCX_REG	FF43
AREA _SFR21
	RADIX HEX
	BASE 0000
	SIZE 0001
	ATTRIB ABS CON
	GLOBALS
		_LY_REG	FF44
AREA _SFR22
	RADIX HEX
	BASE 0000
	SIZE 0001
	ATTRIB ABS CON
	GLOBALS
		_LYC_REG	FF45
AREA _SFR23
	RADIX HEX
	BASE 0000
	SIZE 0001
	ATTRIB ABS CON
	GLOBALS
		_DMA_REG	FF46
AREA _SFR24
	RADIX HEX
	BASE 0000
	SIZE 0001
	ATTRIB ABS CON
	GLOBALS
		_BGP_REG	FF47
AREA _SFR25
	RADIX HEX
	BASE 0000
	SIZE 0001
	ATTRIB ABS CON
	GLOBALS
		_OBP0_REG	FF48
AREA _SFR26
	RADIX HEX
	BASE 0000
	SIZE 0001
	ATTRIB ABS CON
	GLOBALS
		_OBP1_REG	FF49
AREA _SFR27
	RADIX HEX
	BASE 0000
	SIZE 0001
	ATTRIB ABS CON
	GLOBALS
		_WY_REG	FF4A
AREA _SFR28
	RADIX HEX
	BASE 0000
	SIZE 0001
	ATTRIB ABS CON
	GLOBALS
		_WX_REG	FF4B
AREA _SFR29
	RADIX HEX
	BASE 0000
	SIZE 0001
	ATTRIB ABS CON
	GLOBALS
		_KEY1_REG	FF4D
AREA _SFR2a
	RADIX HEX
	BASE 0000
	SIZE 0001
	ATTRIB ABS CON
	GLOBALS
		_VBK_REG	FF4F
AREA _SFR2b
	RADIX HEX
	BASE 0000
	SIZE 0001
	ATTRIB ABS CON
	GLOBALS
		_HDMA1_REG	FF51
AREA _SFR2c
	RADIX HEX
	BASE 0000
	SIZE 0001
	ATTRIB ABS CON
	GLOBALS
		_HDMA2_REG	FF52
AREA _SFR2d
	RADIX HEX
	BASE 0000
	SIZE 0001
	ATTRIB ABS CON
	GLOBALS
		_HDMA3_REG	FF53
AREA _SFR2e
	RADIX HEX
	BASE 0000
	SIZE 0001
	ATTRIB ABS CON
	GLOBALS
		_HDMA4_REG	FF54
AREA _SFR2f
	RADIX HEX
	BASE 0000
	SIZE 0001
	ATTRIB ABS CON
	GLOBALS
		_HDMA5_REG	FF55
AREA _SFR30
	RADIX HEX
	BASE 0000
	SIZE 0001
	ATTRIB ABS CON
	GLOBALS
		_RP_REG	FF56
AREA _SFR31
	RADIX HEX
	BASE 0000
	SIZE 0001
	ATTRIB ABS CON
	GLOBALS
		_BCPS_REG	FF68
AREA _SFR32
	RADIX HEX
	BASE 0000
	SIZE 0001
	ATTRIB ABS CON
	GLOBALS
		_BCPD_REG	FF69
AREA _SFR33
	RADIX HEX
	BASE 0000
	SIZE 0001
	ATTRIB ABS CON
	GLOBALS
		_OCPS_REG	FF6A
AREA _SFR34
	RADIX HEX
	BASE 0000
	SIZE 0001
	ATTRIB ABS CON
	GLOBALS
		_OCPD_REG	FF6B
AREA _SFR35
	RADIX HEX
	BASE 0000
	SIZE 0001
	ATTRIB ABS CON
	GLOBALS
		_SVBK_REG	FF70
AREA _SFR36
	RADIX HEX
	BASE 0000
	SIZE 0001
	ATTRIB ABS CON
	GLOBALS
		_IE_REG	FFFF
AREA _FONT_HEADER0
	RADIX HEX
	BASE 0000
	SIZE 0003
	ATTRIB ABS CON
AREA _DRAW_HEADER0
	RADIX HEX
	BASE 0000
	SIZE 0003
	ATTRIB ABS CON
AREA .  .ABS.
	RADIX HEX
	BASE 0000
	SIZE 0000
	ATTRIB ABS OVR
	GLOBALS
		.__.ABS.	0000
AREA _CALLHL_HEADER0
	RADIX HEX
	BASE 0000
	SIZE 0001
	ATTRIB ABS CON
	GLOBALS
		___sdcc_call_hl	0020
MODULES
	FILE d:\GB_game_projects\gbdk\lib/small/asxxxx/gb/crt0.o
		NAME Runtime
	FILE main.o
		NAME C__Users_fatro_AppData_Local_TemžËœý
LIBRARIES
	LIBRARY d:\GB_game_projects\gbdk\lib/small/asxxxx/gb/gb.lib
		MODULE sfr.o
	LIBRARY d:\GB_game_projects\gbdk\lib/small/asxxxx/gb/gb.lib
		MODULE font.o
	LIBRARY d:\GB_game_projects\gbdk\lib/small/asxxxx/gb/gb.lib
		MODULE set_prop.o
	LIBRARY d:\GB_game_projects\gbdk\lib/small/asxxxx/gb/gb.lib
		MODULE scroll_b.o
	LIBRARY d:\GB_game_projects\gbdk\lib/small/asxxxx/gb/gb.lib
		MODULE mv_win.o
	LIBRARY d:\GB_game_projects\gbdk\lib/small/asxxxx/gb/gb.lib
		MODULE pad.o
	LIBRARY d:\GB_game_projects\gbdk\lib/small/asxxxx/gb/gb.lib
		MODULE mv_spr.o
	LIBRARY d:\GB_game_projects\gbdk\lib/small/asxxxx/gb/gb.lib
		MODULE set_wi_t.o
	LIBRARY d:\GB_game_projects\gbdk\lib/small/asxxxx/gb/gb.lib
		MODULE set_data.o
	LIBRARY d:\GB_game_projects\gbdk\lib/small/asxxxx/gb/gb.lib
		MODULE ibmfixed.o
	LIBRARY d:\GB_game_projects\gbdk\lib/small/asxxxx/gb/gb.lib
		MODULE drawing.o
	LIBRARY d:\GB_game_projects\gbdk\lib/small/asxxxx/gb/gb.lib
		MODULE mv_bkg.o
	LIBRARY d:\GB_game_projects\gbdk\lib/small/asxxxx/gb/gb.lib
		MODULE set_spr.o
	LIBRARY d:\GB_game_projects\gbdk\lib/small/asxxxx/gbz80/gbz80.lib
		MODULE printf.o
	LIBRARY d:\GB_game_projects\gbdk\lib/small/asxxxx/gb/gb.lib
		MODULE get_prop.o
	LIBRARY d:\GB_game_projects\gbdk\lib/small/asxxxx/gb/gb.lib
		MODULE init_tt.o
	LIBRARY d:\GB_game_projects\gbdk\lib/small/asxxxx/gb/gb.lib
		MODULE f_min.o
	LIBRARY d:\GB_game_projects\gbdk\lib/small/asxxxx/gbz80/gbz80.lib
		MODULE div.o
	LIBRARY d:\GB_game_projects\gbdk\lib/small/asxxxx/gb/gb.lib
		MODULE cpy_data.o
	LIBRARY d:\GB_game_projects\gbdk\lib/small/asxxxx/gb/gb.lib
		MODULE set_bk_t.o
	LIBRARY d:\GB_game_projects\gbdk\lib/small/asxxxx/gb/gb.lib
		MODULE set_xy_t.o
	LIBRARY d:\GB_game_projects\gbdk\lib/small/asxxxx/gbz80/gbz80.lib
		MODULE __sdcc_call_hl.o
USERBASEDEF
	_CODE=0x0200
	_DATA=0xC0A0
	_CODE_1=0x4000
USERGLOBALDEF
	.OAM=0xC000
	.STACK=0xE000
	.refresh_OAM=0xFF80
	.init=0x0000
